may 20, 2026 9:19:20 P. M. domain.GameLogger logError
GRAVE: [level-io:level4.txt] Error leyendo nivel: resources\levels\player\level4.txt (El sistema no puede encontrar el archivo especificado)
domain.LevelIOException: Error leyendo nivel: resources\levels\player\level4.txt (El sistema no puede encontrar el archivo especificado)
	at domain.GameDataAccess.loadLevelAbsolute(GameDataAccess.java:82)
	at domain.GameDataAccess.loadLevel(GameDataAccess.java:55)
	at domain.TheDOPOHardestGame.hasNextLevel(TheDOPOHardestGame.java:310)
	at presentation.JuegoPanel.refresh(JuegoPanel.java:159)
	at presentation.TheDOPOHardestGameGUI.refresh(TheDOPOHardestGameGUI.java:672)
	at presentation.GameLoop.tick(GameLoop.java:46)
	at presentation.GameLoop.lambda$0(GameLoop.java:28)
	at java.desktop/javax.swing.Timer.fireActionPerformed(Timer.java:311)
	at java.desktop/javax.swing.Timer$DoPostEvent.run(Timer.java:243)
	at java.desktop/java.awt.event.InvocationEvent.dispatch(InvocationEvent.java:318)
	at java.desktop/java.awt.EventQueue.dispatchEventImpl(EventQueue.java:773)
	at java.desktop/java.awt.EventQueue$4.run(EventQueue.java:720)
	at java.desktop/java.awt.EventQueue$4.run(EventQueue.java:714)
	at java.base/java.security.AccessController.doPrivileged(AccessController.java:400)
	at java.base/java.security.ProtectionDomain$JavaSecurityAccessImpl.doIntersectionPrivilege(ProtectionDomain.java:87)
	at java.desktop/java.awt.EventQueue.dispatchEvent(EventQueue.java:742)
	at java.desktop/java.awt.EventDispatchThread.pumpOneEventForFilters(EventDispatchThread.java:203)
	at java.desktop/java.awt.EventDispatchThread.pumpEventsForFilter(EventDispatchThread.java:124)
	at java.desktop/java.awt.EventDispatchThread.pumpEventsForHierarchy(EventDispatchThread.java:113)
	at java.desktop/java.awt.EventDispatchThread.pumpEvents(EventDispatchThread.java:109)
	at java.desktop/java.awt.EventDispatchThread.pumpEvents(EventDispatchThread.java:101)
	at java.desktop/java.awt.EventDispatchThread.run(EventDispatchThread.java:90)

may 20, 2026 9:19:20 P. M. domain.GameLogger logError
GRAVE: [level-io:level4.txt] Error leyendo nivel: resources\levels\player\level4.txt (El sistema no puede encontrar el archivo especificado)
domain.LevelIOException: Error leyendo nivel: resources\levels\player\level4.txt (El sistema no puede encontrar el archivo especificado)
	at domain.GameDataAccess.loadLevelAbsolute(GameDataAccess.java:82)
	at domain.GameDataAccess.loadLevel(GameDataAccess.java:55)
	at domain.TheDOPOHardestGame.advanceLevel(TheDOPOHardestGame.java:323)
	at presentation.JuegoPanel.refresh(JuegoPanel.java:160)
	at presentation.TheDOPOHardestGameGUI.refresh(TheDOPOHardestGameGUI.java:672)
	at presentation.GameLoop.tick(GameLoop.java:46)
	at presentation.GameLoop.lambda$0(GameLoop.java:28)
	at java.desktop/javax.swing.Timer.fireActionPerformed(Timer.java:311)
	at java.desktop/javax.swing.Timer$DoPostEvent.run(Timer.java:243)
	at java.desktop/java.awt.event.InvocationEvent.dispatch(InvocationEvent.java:318)
	at java.desktop/java.awt.EventQueue.dispatchEventImpl(EventQueue.java:773)
	at java.desktop/java.awt.EventQueue$4.run(EventQueue.java:720)
	at java.desktop/java.awt.EventQueue$4.run(EventQueue.java:714)
	at java.base/java.security.AccessController.doPrivileged(AccessController.java:400)
	at java.base/java.security.ProtectionDomain$JavaSecurityAccessImpl.doIntersectionPrivilege(ProtectionDomain.java:87)
	at java.desktop/java.awt.EventQueue.dispatchEvent(EventQueue.java:742)
	at java.desktop/java.awt.EventDispatchThread.pumpOneEventForFilters(EventDispatchThread.java:203)
	at java.desktop/java.awt.EventDispatchThread.pumpEventsForFilter(EventDispatchThread.java:124)
	at java.desktop/java.awt.EventDispatchThread.pumpEventsForHierarchy(EventDispatchThread.java:113)
	at java.desktop/java.awt.EventDispatchThread.pumpEvents(EventDispatchThread.java:109)
	at java.desktop/java.awt.EventDispatchThread.pumpEvents(EventDispatchThread.java:101)
	at java.desktop/java.awt.EventDispatchThread.run(EventDispatchThread.java:90)

